============================================================
  ChabahRoot - Analyste Cyber v1.0.0
  Session démarrée : 2026-05-12 17:39:41
  PID principal    : 214
  Hôte             : DESKTOP-F9DASU6
  Utilisateur      : pc (UID=197609)
============================================================
[2026-05-12 17:39:43] [INFO] [SYSTEM] [UID=197609] Démarrage de ChabahRoot — Mode : full
[2026-05-12 17:39:43] [INFO] [SYSTEM] [UID=197609] PID principal : 214 | Hôte : DESKTOP-F9DASU6
[2026-05-12 17:39:43] [INFO] [SYSTEM] [UID=197609] Vérification des dépendances...
[2026-05-12 17:39:43] [INFO] [SYSTEM] [UID=197609] Toutes les dépendances sont disponibles
[2026-05-12 17:39:43] [INFO] [SYSTEM] [UID=197609] Vérification des modules...
[2026-05-12 17:39:45] [INFO] [SYSTEM] [UID=197609] Démarrage du module défensif en arrière-plan...
[2026-05-12 17:39:45] [INFO] [SYSTEM] [UID=197609] Module défensif démarré (PID=246)
[2026-05-12 17:39:45] [INFO] [DEFENSIVE] [UID=197609] Initialisation du module défensif...
[2026-05-12 17:39:45] [WARN] [DEFENSIVE] [UID=197609] Impossible de créer le fichier PID temporaire : /dev/shm/chabah_seen_pids.tmp
[2026-05-12 17:39:46] [INFO] [DEFENSIVE] [UID=197609] Surveillance UID cible : 0 (ROOT)
[2026-05-12 17:39:46] [INFO] [DEFENSIVE] [UID=197609] Intervalle de polling : 2s
------------------------------------------------------------ [ MODULE DEFENSIF ACTIF ] ------------------------------------------------------------
[2026-05-12 17:39:46] [INFO] [SYSTEM] [UID=197609] Démarrage du scan offensif...
[2026-05-12 17:39:47] [INFO] [DEFENSIVE] [UID=197609] Analyse des variables d'environnement...
[2026-05-12 17:39:47] [INFO] [OFFENSIVE] [UID=197609] Initialisation du module offensif...
[2026-05-12 17:39:47] [WARN] [OFFENSIVE] [UID=197609] MODE OFFENSIF ACTIF — Usage légal/autorisé uniquement
------------------------------------------------------------ [ MODULE OFFENSIF ACTIF ] ------------------------------------------------------------
[2026-05-12 17:39:47] [INFO] [OFFENSIVE] [UID=197609] Démarrage du scan offensif complet...
[2026-05-12 17:39:47] [INFO] [OFFENSIVE] [UID=197609] Audit des binaires SUID en cours...
[2026-05-12 17:39:58] [INFO] [OFFENSIVE] [UID=197609] Aucun binaire SUID inhabituel détecté
[2026-05-12 17:39:59] [INFO] [OFFENSIVE] [UID=197609] Recherche des fichiers world-writable...
[2026-05-12 17:39:59] [INFO] [OFFENSIVE] [UID=197609] Aucun fichier world-writable critique trouvé
[2026-05-12 17:39:59] [INFO] [OFFENSIVE] [UID=197609] Vérification de la configuration sudoers...
[2026-05-12 17:39:59] [WARN] [OFFENSIVE] [UID=197609] Fichier sudoers non accessible (privilèges insuffisants)
[2026-05-12 17:40:00] [INFO] [OFFENSIVE] [UID=197609] Analyse des tâches cron root...
[2026-05-12 17:40:00] [INFO] [OFFENSIVE] [UID=197609] Analyse de l'historique de connexion...
[2026-05-12 17:40:00] [WARN] [OFFENSIVE] [UID=197609] Commande 'last' non disponible
------------------------------------------------------------ [ RAPPORT IOC ] ------------------------------------------------------------
[2026-05-12 17:40:00] [INFO] [OFFENSIVE] [UID=197609] Génération du rapport IOC...
[2026-05-12 17:40:01] [INFO] [OFFENSIVE] [UID=197609] === RÉSUMÉ IOC ===
[2026-05-12 17:40:01] [INFO] [OFFENSIVE] [UID=197609]   Alertes critiques : 0
0
[2026-05-12 17:40:01] [INFO] [OFFENSIVE] [UID=197609]   Avertissements    : 4
[2026-05-12 17:40:01] [INFO] [OFFENSIVE] [UID=197609]   Hôte analysé      : DESKTOP-F9DASU6
[2026-05-12 17:40:02] [INFO] [OFFENSIVE] [UID=197609]   Horodatage        : 2026-05-12 17:40:02
[2026-05-12 17:40:02] [INFO] [OFFENSIVE] [UID=197609]   Kernel            : 3.6.7-fb42d713.x86_64
[2026-05-12 17:40:02] [INFO] [OFFENSIVE] [UID=197609]   Log enregistré    : ./logs/chabah.log
------------------------------------------------------------ [ FIN RAPPORT IOC ] ------------------------------------------------------------
[2026-05-12 17:40:02] [INFO] [OFFENSIVE] [UID=197609] Scan offensif terminé.
[2026-05-12 17:40:03] [INFO] [SYSTEM] [UID=197609] Moteur complet actif — CTRL+C pour arrêter
[2026-05-12 17:40:04] [ALERT] [FILTER] [UID=197609] Mot-clé sensible détecté : 'pass' dans : SSH_ASKPASS=/mingw64/bin/git-askpass.exe
[2026-05-12 17:40:30] [INFO] [DEFENSIVE] [UID=197609] Analyse des lignes de commande des processus root...
[2026-05-12 17:40:32] [WARN] [SYSTEM] [UID=197609] Signal d'arrêt reçu — Arrêt du moteur ChabahRoot...
[2026-05-12 17:40:32] [INFO] [SYSTEM] [UID=197609] Arrêt du module défensif (PID=246)...
------------------------------------------------------------ [ SESSION TERMINÉE ] ------------------------------------------------------------
[2026-05-12 17:40:32] [INFO] [SYSTEM] [UID=197609] ChabahRoot arrêté proprement. Log : ./logs/chabah.log
============================================================
  ChabahRoot - Analyste Cyber v1.0.0
  Session démarrée : 2026-05-12 17:44:54
  PID principal    : 1110
  Hôte             : DESKTOP-F9DASU6
  Utilisateur      : pc (UID=197609)
============================================================
[2026-05-12 17:44:55] [INFO] [SYSTEM] [UID=197609] Démarrage de ChabahRoot — Mode : full
[2026-05-12 17:44:55] [INFO] [SYSTEM] [UID=197609] PID principal : 1110 | Hôte : DESKTOP-F9DASU6
[2026-05-12 17:44:55] [INFO] [SYSTEM] [UID=197609] Vérification des dépendances...
[2026-05-12 17:44:56] [INFO] [SYSTEM] [UID=197609] Toutes les dépendances sont disponibles
[2026-05-12 17:44:56] [INFO] [SYSTEM] [UID=197609] Vérification des modules...
[2026-05-12 17:44:57] [INFO] [SYSTEM] [UID=197609] Démarrage du module défensif en arrière-plan...
[2026-05-12 17:44:58] [INFO] [SYSTEM] [UID=197609] Module défensif démarré (PID=1141)
[2026-05-12 17:44:58] [INFO] [DEFENSIVE] [UID=197609] Initialisation du module défensif...
[2026-05-12 17:44:58] [INFO] [DEFENSIVE] [UID=197609] Surveillance UID cible : 0 (ROOT)
[2026-05-12 17:44:58] [INFO] [DEFENSIVE] [UID=197609] Intervalle de polling : 2s
------------------------------------------------------------ [ MODULE DEFENSIF ACTIF ] ------------------------------------------------------------
[2026-05-12 17:44:59] [INFO] [SYSTEM] [UID=197609] Démarrage du scan offensif...
[2026-05-12 17:45:00] [INFO] [OFFENSIVE] [UID=197609] Initialisation du module offensif...
[2026-05-12 17:45:00] [INFO] [DEFENSIVE] [UID=197609] Analyse des variables d'environnement...
[2026-05-12 17:45:00] [WARN] [OFFENSIVE] [UID=197609] MODE OFFENSIF ACTIF — Usage légal/autorisé uniquement
------------------------------------------------------------ [ MODULE OFFENSIF ACTIF ] ------------------------------------------------------------
[2026-05-12 17:45:00] [INFO] [OFFENSIVE] [UID=197609] Démarrage du scan offensif complet...
[2026-05-12 17:45:00] [INFO] [OFFENSIVE] [UID=197609] Audit des binaires SUID en cours...
[2026-05-12 17:45:03] [ALERT] [FILTER] [UID=197609] Mot-clé sensible détecté : 'pass' dans : DB_PASSWORD=supersecret123
[2026-05-12 17:45:04] [ALERT] [FILTER] [UID=197609] Mot-clé sensible détecté : 'password' dans : DB_PASSWORD=supersecret123
[2026-05-12 17:45:04] [ALERT] [FILTER] [UID=197609] Mot-clé sensible détecté : 'secret' dans : DB_PASSWORD=supersecret123
[2026-05-12 17:45:09] [INFO] [OFFENSIVE] [UID=197609] Aucun binaire SUID inhabituel détecté
[2026-05-12 17:45:09] [INFO] [OFFENSIVE] [UID=197609] Recherche des fichiers world-writable...
[2026-05-12 17:45:10] [INFO] [OFFENSIVE] [UID=197609] Aucun fichier world-writable critique trouvé
[2026-05-12 17:45:11] [INFO] [OFFENSIVE] [UID=197609] Vérification de la configuration sudoers...
[2026-05-12 17:45:11] [WARN] [OFFENSIVE] [UID=197609] Fichier sudoers non accessible (privilèges insuffisants)
[2026-05-12 17:45:12] [INFO] [OFFENSIVE] [UID=197609] Analyse des tâches cron root...
[2026-05-12 17:45:12] [INFO] [OFFENSIVE] [UID=197609] Analyse de l'historique de connexion...
[2026-05-12 17:45:12] [WARN] [OFFENSIVE] [UID=197609] Commande 'last' non disponible
------------------------------------------------------------ [ RAPPORT IOC ] ------------------------------------------------------------
[2026-05-12 17:45:13] [INFO] [OFFENSIVE] [UID=197609] Génération du rapport IOC...
[2026-05-12 17:45:14] [INFO] [OFFENSIVE] [UID=197609] === RÉSUMÉ IOC ===
[2026-05-12 17:45:14] [INFO] [OFFENSIVE] [UID=197609]   Alertes critiques : 4
[2026-05-12 17:45:14] [INFO] [OFFENSIVE] [UID=197609]   Avertissements    : 8
[2026-05-12 17:45:14] [INFO] [OFFENSIVE] [UID=197609]   Hôte analysé      : DESKTOP-F9DASU6
[2026-05-12 17:45:15] [INFO] [OFFENSIVE] [UID=197609]   Horodatage        : 2026-05-12 17:45:15
[2026-05-12 17:45:15] [INFO] [OFFENSIVE] [UID=197609]   Kernel            : 3.6.7-fb42d713.x86_64
[2026-05-12 17:45:16] [INFO] [OFFENSIVE] [UID=197609]   Log enregistré    : ./logs/chabah.log
------------------------------------------------------------ [ FIN RAPPORT IOC ] ------------------------------------------------------------
[2026-05-12 17:45:16] [INFO] [OFFENSIVE] [UID=197609] Scan offensif terminé.
[2026-05-12 17:45:16] [INFO] [SYSTEM] [UID=197609] Moteur complet actif — CTRL+C pour arrêter
[2026-05-12 17:45:18] [ALERT] [FILTER] [UID=197609] Mot-clé sensible détecté : 'token' dans : API_TOKEN=abc123xyz
[2026-05-12 17:45:27] [ALERT] [FILTER] [UID=197609] Mot-clé sensible détecté : 'pass' dans : SSH_ASKPASS=/mingw64/bin/git-askpass.exe
[2026-05-12 17:45:32] [ALERT] [FILTER] [UID=197609] Mot-clé sensible détecté : 'secret' dans : SECRET_KEY=my_secret_key
[2026-05-12 17:45:33] [ALERT] [FILTER] [UID=197609] Mot-clé sensible détecté : 'key' dans : SECRET_KEY=my_secret_key
[2026-05-12 17:45:59] [INFO] [DEFENSIVE] [UID=197609] Analyse des lignes de commande des processus root...
[2026-05-12 17:46:03] [INFO] [DEFENSIVE] [UID=197609] Analyse des variables d'environnement...
[2026-05-12 17:46:07] [ALERT] [FILTER] [UID=197609] Mot-clé sensible détecté : 'pass' dans : DB_PASSWORD=supersecret123
[2026-05-12 17:46:08] [ALERT] [FILTER] [UID=197609] Mot-clé sensible détecté : 'password' dans : DB_PASSWORD=supersecret123
[2026-05-12 17:46:09] [ALERT] [FILTER] [UID=197609] Mot-clé sensible détecté : 'secret' dans : DB_PASSWORD=supersecret123
[2026-05-12 17:46:25] [ALERT] [FILTER] [UID=197609] Mot-clé sensible détecté : 'token' dans : API_TOKEN=abc123xyz
[2026-05-12 17:46:31] [ALERT] [FILTER] [UID=197609] Mot-clé sensible détecté : 'pass' dans : SSH_ASKPASS=/mingw64/bin/git-askpass.exe
[2026-05-12 17:46:32] [WARN] [SYSTEM] [UID=197609] Signal d'arrêt reçu — Arrêt du moteur ChabahRoot...
[2026-05-12 17:46:32] [INFO] [SYSTEM] [UID=197609] Arrêt du module défensif (PID=1141)...
------------------------------------------------------------ [ SESSION TERMINÉE ] ------------------------------------------------------------
[2026-05-12 17:46:32] [INFO] [SYSTEM] [UID=197609] ChabahRoot arrêté proprement. Log : ./logs/chabah.log
============================================================
  ChabahRoot - Analyste Cyber v1.0.0
  Session démarrée : 2026-05-12 17:50:42
  PID principal    : 2446
  Hôte             : DESKTOP-F9DASU6
  Utilisateur      : pc (UID=197609)
============================================================
[2026-05-12 17:50:43] [INFO] [SYSTEM] [UID=197609] Démarrage de ChabahRoot — Mode : full
[2026-05-12 17:50:43] [INFO] [SYSTEM] [UID=197609] PID principal : 2446 | Hôte : DESKTOP-F9DASU6
[2026-05-12 17:50:43] [INFO] [SYSTEM] [UID=197609] Vérification des dépendances...
[2026-05-12 17:50:43] [INFO] [SYSTEM] [UID=197609] Toutes les dépendances sont disponibles
[2026-05-12 17:50:44] [INFO] [SYSTEM] [UID=197609] Vérification des modules...
[2026-05-12 17:50:45] [INFO] [SYSTEM] [UID=197609] Démarrage du module défensif en arrière-plan...
[2026-05-12 17:50:45] [INFO] [SYSTEM] [UID=197609] Module défensif démarré (PID=2477)
[2026-05-12 17:50:45] [INFO] [DEFENSIVE] [UID=197609] Initialisation du module défensif...
[2026-05-12 17:50:46] [INFO] [DEFENSIVE] [UID=197609] Surveillance UID cible : 0 (ROOT)
[2026-05-12 17:50:46] [INFO] [DEFENSIVE] [UID=197609] Intervalle de polling : 2s
------------------------------------------------------------ [ MODULE DEFENSIF ACTIF ] ------------------------------------------------------------
[2026-05-12 17:50:46] [INFO] [SYSTEM] [UID=197609] Démarrage du scan offensif...
[2026-05-12 17:50:47] [INFO] [DEFENSIVE] [UID=197609] Analyse des variables d'environnement...
[2026-05-12 17:50:47] [INFO] [OFFENSIVE] [UID=197609] Initialisation du module offensif...
[2026-05-12 17:50:47] [WARN] [OFFENSIVE] [UID=197609] MODE OFFENSIF ACTIF — Usage légal/autorisé uniquement
------------------------------------------------------------ [ MODULE OFFENSIF ACTIF ] ------------------------------------------------------------
[2026-05-12 17:50:47] [INFO] [OFFENSIVE] [UID=197609] Démarrage du scan offensif complet...
[2026-05-12 17:50:47] [INFO] [OFFENSIVE] [UID=197609] Audit des binaires SUID en cours...
[2026-05-12 17:50:49] [ALERT] [FILTER] [UID=197609] Mot-clé sensible détecté : 'pass' dans : DB_PASSWORD=supersecret123
[2026-05-12 17:50:50] [ALERT] [FILTER] [UID=197609] Mot-clé sensible détecté : 'password' dans : DB_PASSWORD=supersecret123
[2026-05-12 17:50:50] [ALERT] [FILTER] [UID=197609] Mot-clé sensible détecté : 'secret' dans : DB_PASSWORD=supersecret123
[2026-05-12 17:50:58] [INFO] [OFFENSIVE] [UID=197609] Aucun binaire SUID inhabituel détecté
[2026-05-12 17:50:58] [INFO] [OFFENSIVE] [UID=197609] Recherche des fichiers world-writable...
[2026-05-12 17:50:59] [INFO] [OFFENSIVE] [UID=197609] Aucun fichier world-writable critique trouvé
[2026-05-12 17:50:59] [INFO] [OFFENSIVE] [UID=197609] Vérification de la configuration sudoers...
[2026-05-12 17:50:59] [WARN] [OFFENSIVE] [UID=197609] Fichier sudoers non accessible (privilèges insuffisants)
[2026-05-12 17:50:59] [INFO] [OFFENSIVE] [UID=197609] Analyse des tâches cron root...
[2026-05-12 17:50:59] [INFO] [OFFENSIVE] [UID=197609] Analyse de l'historique de connexion...
[2026-05-12 17:51:00] [WARN] [OFFENSIVE] [UID=197609] Commande 'last' non disponible
------------------------------------------------------------ [ RAPPORT IOC ] ------------------------------------------------------------
[2026-05-12 17:51:00] [INFO] [OFFENSIVE] [UID=197609] Génération du rapport IOC...
[2026-05-12 17:51:00] [INFO] [OFFENSIVE] [UID=197609] === RÉSUMÉ IOC ===
[2026-05-12 17:51:00] [INFO] [OFFENSIVE] [UID=197609]   Alertes critiques : 16
[2026-05-12 17:51:01] [INFO] [OFFENSIVE] [UID=197609]   Avertissements    : 12
[2026-05-12 17:51:01] [INFO] [OFFENSIVE] [UID=197609]   Hôte analysé      : DESKTOP-F9DASU6
[2026-05-12 17:51:01] [INFO] [OFFENSIVE] [UID=197609]   Horodatage        : 2026-05-12 17:51:01
[2026-05-12 17:51:02] [INFO] [OFFENSIVE] [UID=197609]   Kernel            : 3.6.7-fb42d713.x86_64
[2026-05-12 17:51:02] [INFO] [OFFENSIVE] [UID=197609]   Log enregistré    : ./logs/chabah.log
------------------------------------------------------------ [ FIN RAPPORT IOC ] ------------------------------------------------------------
[2026-05-12 17:51:02] [INFO] [OFFENSIVE] [UID=197609] Scan offensif terminé.
[2026-05-12 17:51:02] [ALERT] [FILTER] [UID=197609] Mot-clé sensible détecté : 'token' dans : API_TOKEN=abc123xyz
[2026-05-12 17:51:02] [INFO] [SYSTEM] [UID=197609] Moteur complet actif — CTRL+C pour arrêter
[2026-05-12 17:51:08] [ALERT] [FILTER] [UID=197609] Mot-clé sensible détecté : 'pass' dans : SSH_ASKPASS=/mingw64/bin/git-askpass.exe
[2026-05-12 17:51:14] [ALERT] [FILTER] [UID=197609] Mot-clé sensible détecté : 'secret' dans : SECRET_KEY=my_secret_key
[2026-05-12 17:51:14] [ALERT] [FILTER] [UID=197609] Mot-clé sensible détecté : 'key' dans : SECRET_KEY=my_secret_key
[2026-05-12 17:51:45] [INFO] [DEFENSIVE] [UID=197609] Analyse des lignes de commande des processus root...
[2026-05-12 17:51:49] [INFO] [DEFENSIVE] [UID=197609] Analyse des variables d'environnement...
[2026-05-12 17:51:53] [ALERT] [FILTER] [UID=197609] Mot-clé sensible détecté : 'pass' dans : DB_PASSWORD=supersecret123
[2026-05-12 17:51:53] [ALERT] [FILTER] [UID=197609] Mot-clé sensible détecté : 'password' dans : DB_PASSWORD=supersecret123
[2026-05-12 17:51:54] [ALERT] [FILTER] [UID=197609] Mot-clé sensible détecté : 'secret' dans : DB_PASSWORD=supersecret123
[2026-05-12 17:52:08] [ALERT] [FILTER] [UID=197609] Mot-clé sensible détecté : 'token' dans : API_TOKEN=abc123xyz
[2026-05-12 17:52:14] [ALERT] [FILTER] [UID=197609] Mot-clé sensible détecté : 'pass' dans : SSH_ASKPASS=/mingw64/bin/git-askpass.exe
[2026-05-12 17:52:20] [ALERT] [FILTER] [UID=197609] Mot-clé sensible détecté : 'secret' dans : SECRET_KEY=my_secret_key
[2026-05-12 17:52:20] [ALERT] [FILTER] [UID=197609] Mot-clé sensible détecté : 'key' dans : SECRET_KEY=my_secret_key
[2026-05-12 17:52:47] [INFO] [DEFENSIVE] [UID=197609] Analyse des lignes de commande des processus root...
[2026-05-12 17:52:51] [INFO] [DEFENSIVE] [UID=197609] Analyse des variables d'environnement...
[2026-05-12 17:52:55] [ALERT] [FILTER] [UID=197609] Mot-clé sensible détecté : 'pass' dans : DB_PASSWORD=supersecret123
[2026-05-12 17:52:56] [ALERT] [FILTER] [UID=197609] Mot-clé sensible détecté : 'password' dans : DB_PASSWORD=supersecret123
[2026-05-12 17:52:56] [ALERT] [FILTER] [UID=197609] Mot-clé sensible détecté : 'secret' dans : DB_PASSWORD=supersecret123
[2026-05-12 17:53:10] [ALERT] [FILTER] [UID=197609] Mot-clé sensible détecté : 'token' dans : API_TOKEN=abc123xyz
[2026-05-12 17:53:17] [ALERT] [FILTER] [UID=197609] Mot-clé sensible détecté : 'pass' dans : SSH_ASKPASS=/mingw64/bin/git-askpass.exe
[2026-05-12 17:53:22] [ALERT] [FILTER] [UID=197609] Mot-clé sensible détecté : 'secret' dans : SECRET_KEY=my_secret_key
[2026-05-12 17:53:22] [ALERT] [FILTER] [UID=197609] Mot-clé sensible détecté : 'key' dans : SECRET_KEY=my_secret_key
[2026-05-12 17:53:57] [INFO] [DEFENSIVE] [UID=197609] Analyse des lignes de commande des processus root...
[2026-05-12 17:54:01] [INFO] [DEFENSIVE] [UID=197609] Analyse des variables d'environnement...
[2026-05-12 17:54:05] [ALERT] [FILTER] [UID=197609] Mot-clé sensible détecté : 'pass' dans : DB_PASSWORD=supersecret123
[2026-05-12 17:54:06] [ALERT] [FILTER] [UID=197609] Mot-clé sensible détecté : 'password' dans : DB_PASSWORD=supersecret123
[2026-05-12 17:54:07] [ALERT] [FILTER] [UID=197609] Mot-clé sensible détecté : 'secret' dans : DB_PASSWORD=supersecret123
[2026-05-12 17:54:26] [ALERT] [FILTER] [UID=197609] Mot-clé sensible détecté : 'token' dans : API_TOKEN=abc123xyz
[2026-05-12 17:54:34] [ALERT] [FILTER] [UID=197609] Mot-clé sensible détecté : 'pass' dans : SSH_ASKPASS=/mingw64/bin/git-askpass.exe
[2026-05-12 17:54:40] [ALERT] [FILTER] [UID=197609] Mot-clé sensible détecté : 'secret' dans : SECRET_KEY=my_secret_key
[2026-05-12 17:54:41] [ALERT] [FILTER] [UID=197609] Mot-clé sensible détecté : 'key' dans : SECRET_KEY=my_secret_key
[2026-05-12 17:55:14] [INFO] [DEFENSIVE] [UID=197609] Analyse des lignes de commande des processus root...
[2026-05-12 17:55:19] [INFO] [DEFENSIVE] [UID=197609] Analyse des variables d'environnement...
[2026-05-12 17:55:24] [ALERT] [FILTER] [UID=197609] Mot-clé sensible détecté : 'pass' dans : DB_PASSWORD=supersecret123
[2026-05-12 17:55:24] [ALERT] [FILTER] [UID=197609] Mot-clé sensible détecté : 'password' dans : DB_PASSWORD=supersecret123
[2026-05-12 17:55:25] [ALERT] [FILTER] [UID=197609] Mot-clé sensible détecté : 'secret' dans : DB_PASSWORD=supersecret123
[2026-05-12 17:55:42] [ALERT] [FILTER] [UID=197609] Mot-clé sensible détecté : 'token' dans : API_TOKEN=abc123xyz
[2026-05-12 17:55:49] [ALERT] [FILTER] [UID=197609] Mot-clé sensible détecté : 'pass' dans : SSH_ASKPASS=/mingw64/bin/git-askpass.exe
[2026-05-12 17:55:54] [ALERT] [FILTER] [UID=197609] Mot-clé sensible détecté : 'secret' dans : SECRET_KEY=my_secret_key
[2026-05-12 17:55:55] [ALERT] [FILTER] [UID=197609] Mot-clé sensible détecté : 'key' dans : SECRET_KEY=my_secret_key
[2026-05-12 17:56:26] [INFO] [DEFENSIVE] [UID=197609] Analyse des lignes de commande des processus root...
[2026-05-12 17:56:30] [INFO] [DEFENSIVE] [UID=197609] Analyse des variables d'environnement...
[2026-05-12 17:56:33] [ALERT] [FILTER] [UID=197609] Mot-clé sensible détecté : 'pass' dans : DB_PASSWORD=supersecret123
[2026-05-12 17:56:34] [ALERT] [FILTER] [UID=197609] Mot-clé sensible détecté : 'password' dans : DB_PASSWORD=supersecret123
[2026-05-12 17:56:34] [ALERT] [FILTER] [UID=197609] Mot-clé sensible détecté : 'secret' dans : DB_PASSWORD=supersecret123
[2026-05-12 17:56:51] [ALERT] [FILTER] [UID=197609] Mot-clé sensible détecté : 'token' dans : API_TOKEN=abc123xyz
[2026-05-12 17:56:58] [ALERT] [FILTER] [UID=197609] Mot-clé sensible détecté : 'pass' dans : SSH_ASKPASS=/mingw64/bin/git-askpass.exe
[2026-05-12 17:57:03] [ALERT] [FILTER] [UID=197609] Mot-clé sensible détecté : 'secret' dans : SECRET_KEY=my_secret_key
[2026-05-12 17:57:04] [ALERT] [FILTER] [UID=197609] Mot-clé sensible détecté : 'key' dans : SECRET_KEY=my_secret_key
[2026-05-12 17:57:36] [INFO] [DEFENSIVE] [UID=197609] Analyse des lignes de commande des processus root...
[2026-05-12 17:57:40] [INFO] [DEFENSIVE] [UID=197609] Analyse des variables d'environnement...
[2026-05-12 17:57:45] [ALERT] [FILTER] [UID=197609] Mot-clé sensible détecté : 'pass' dans : DB_PASSWORD=supersecret123
[2026-05-12 17:57:46] [ALERT] [FILTER] [UID=197609] Mot-clé sensible détecté : 'password' dans : DB_PASSWORD=supersecret123
[2026-05-12 17:57:47] [ALERT] [FILTER] [UID=197609] Mot-clé sensible détecté : 'secret' dans : DB_PASSWORD=supersecret123
[2026-05-12 17:58:03] [ALERT] [FILTER] [UID=197609] Mot-clé sensible détecté : 'token' dans : API_TOKEN=abc123xyz
[2026-05-12 17:58:09] [ALERT] [FILTER] [UID=197609] Mot-clé sensible détecté : 'pass' dans : SSH_ASKPASS=/mingw64/bin/git-askpass.exe
[2026-05-12 17:58:15] [ALERT] [FILTER] [UID=197609] Mot-clé sensible détecté : 'secret' dans : SECRET_KEY=my_secret_key
[2026-05-12 17:58:15] [ALERT] [FILTER] [UID=197609] Mot-clé sensible détecté : 'key' dans : SECRET_KEY=my_secret_key
[2026-05-12 17:58:47] [INFO] [DEFENSIVE] [UID=197609] Analyse des lignes de commande des processus root...
[2026-05-12 17:58:52] [INFO] [DEFENSIVE] [UID=197609] Analyse des variables d'environnement...
[2026-05-12 17:58:56] [ALERT] [FILTER] [UID=197609] Mot-clé sensible détecté : 'pass' dans : DB_PASSWORD=supersecret123
[2026-05-12 17:58:56] [ALERT] [FILTER] [UID=197609] Mot-clé sensible détecté : 'password' dans : DB_PASSWORD=supersecret123
[2026-05-12 17:58:57] [ALERT] [FILTER] [UID=197609] Mot-clé sensible détecté : 'secret' dans : DB_PASSWORD=supersecret123
[2026-05-12 17:59:12] [ALERT] [FILTER] [UID=197609] Mot-clé sensible détecté : 'token' dans : API_TOKEN=abc123xyz
[2026-05-12 17:59:18] [ALERT] [FILTER] [UID=197609] Mot-clé sensible détecté : 'pass' dans : SSH_ASKPASS=/mingw64/bin/git-askpass.exe
[2026-05-12 17:59:23] [ALERT] [FILTER] [UID=197609] Mot-clé sensible détecté : 'secret' dans : SECRET_KEY=my_secret_key
[2026-05-12 17:59:23] [ALERT] [FILTER] [UID=197609] Mot-clé sensible détecté : 'key' dans : SECRET_KEY=my_secret_key
[2026-05-12 17:59:49] [INFO] [DEFENSIVE] [UID=197609] Analyse des lignes de commande des processus root...
[2026-05-12 17:59:53] [INFO] [DEFENSIVE] [UID=197609] Analyse des variables d'environnement...
[2026-05-12 17:59:57] [ALERT] [FILTER] [UID=197609] Mot-clé sensible détecté : 'pass' dans : DB_PASSWORD=supersecret123
[2026-05-12 17:59:58] [ALERT] [FILTER] [UID=197609] Mot-clé sensible détecté : 'password' dans : DB_PASSWORD=supersecret123
[2026-05-12 17:59:58] [ALERT] [FILTER] [UID=197609] Mot-clé sensible détecté : 'secret' dans : DB_PASSWORD=supersecret123
[2026-05-12 18:00:15] [ALERT] [FILTER] [UID=197609] Mot-clé sensible détecté : 'token' dans : API_TOKEN=abc123xyz
[2026-05-12 18:00:22] [ALERT] [FILTER] [UID=197609] Mot-clé sensible détecté : 'pass' dans : SSH_ASKPASS=/mingw64/bin/git-askpass.exe
[2026-05-12 18:00:28] [ALERT] [FILTER] [UID=197609] Mot-clé sensible détecté : 'secret' dans : SECRET_KEY=my_secret_key
[2026-05-12 18:00:29] [ALERT] [FILTER] [UID=197609] Mot-clé sensible détecté : 'key' dans : SECRET_KEY=my_secret_key
[2026-05-12 18:01:01] [INFO] [DEFENSIVE] [UID=197609] Analyse des lignes de commande des processus root...
[2026-05-12 18:01:07] [INFO] [DEFENSIVE] [UID=197609] Analyse des variables d'environnement...
[2026-05-12 18:01:11] [ALERT] [FILTER] [UID=197609] Mot-clé sensible détecté : 'pass' dans : DB_PASSWORD=supersecret123
[2026-05-12 18:01:11] [ALERT] [FILTER] [UID=197609] Mot-clé sensible détecté : 'password' dans : DB_PASSWORD=supersecret123
[2026-05-12 18:01:12] [ALERT] [FILTER] [UID=197609] Mot-clé sensible détecté : 'secret' dans : DB_PASSWORD=supersecret123
[2026-05-12 18:01:27] [ALERT] [FILTER] [UID=197609] Mot-clé sensible détecté : 'token' dans : API_TOKEN=abc123xyz
[2026-05-12 18:01:34] [ALERT] [FILTER] [UID=197609] Mot-clé sensible détecté : 'pass' dans : SSH_ASKPASS=/mingw64/bin/git-askpass.exe
[2026-05-12 18:01:40] [ALERT] [FILTER] [UID=197609] Mot-clé sensible détecté : 'secret' dans : SECRET_KEY=my_secret_key
[2026-05-12 18:01:40] [ALERT] [FILTER] [UID=197609] Mot-clé sensible détecté : 'key' dans : SECRET_KEY=my_secret_key
[2026-05-12 18:02:10] [INFO] [DEFENSIVE] [UID=197609] Analyse des lignes de commande des processus root...
[2026-05-12 18:02:15] [INFO] [DEFENSIVE] [UID=197609] Analyse des variables d'environnement...
[2026-05-12 18:02:20] [ALERT] [FILTER] [UID=197609] Mot-clé sensible détecté : 'pass' dans : DB_PASSWORD=supersecret123
[2026-05-12 18:02:21] [ALERT] [FILTER] [UID=197609] Mot-clé sensible détecté : 'password' dans : DB_PASSWORD=supersecret123
[2026-05-12 18:02:22] [ALERT] [FILTER] [UID=197609] Mot-clé sensible détecté : 'secret' dans : DB_PASSWORD=supersecret123
[2026-05-12 18:02:41] [ALERT] [FILTER] [UID=197609] Mot-clé sensible détecté : 'token' dans : API_TOKEN=abc123xyz
[2026-05-12 18:02:46] [ALERT] [FILTER] [UID=197609] Mot-clé sensible détecté : 'pass' dans : SSH_ASKPASS=/mingw64/bin/git-askpass.exe
[2026-05-12 18:02:53] [ALERT] [FILTER] [UID=197609] Mot-clé sensible détecté : 'secret' dans : SECRET_KEY=my_secret_key
[2026-05-12 18:02:54] [ALERT] [FILTER] [UID=197609] Mot-clé sensible détecté : 'key' dans : SECRET_KEY=my_secret_key
[2026-05-12 18:03:27] [INFO] [DEFENSIVE] [UID=197609] Analyse des lignes de commande des processus root...
[2026-05-12 18:03:32] [INFO] [DEFENSIVE] [UID=197609] Analyse des variables d'environnement...
[2026-05-12 18:03:35] [ALERT] [FILTER] [UID=197609] Mot-clé sensible détecté : 'pass' dans : DB_PASSWORD=supersecret123
[2026-05-12 18:03:36] [ALERT] [FILTER] [UID=197609] Mot-clé sensible détecté : 'password' dans : DB_PASSWORD=supersecret123
[2026-05-12 18:03:36] [ALERT] [FILTER] [UID=197609] Mot-clé sensible détecté : 'secret' dans : DB_PASSWORD=supersecret123
[2026-05-12 18:03:52] [ALERT] [FILTER] [UID=197609] Mot-clé sensible détecté : 'token' dans : API_TOKEN=abc123xyz
[2026-05-12 18:03:57] [ALERT] [FILTER] [UID=197609] Mot-clé sensible détecté : 'pass' dans : SSH_ASKPASS=/mingw64/bin/git-askpass.exe
[2026-05-12 18:04:02] [ALERT] [FILTER] [UID=197609] Mot-clé sensible détecté : 'secret' dans : SECRET_KEY=my_secret_key
[2026-05-12 18:04:02] [ALERT] [FILTER] [UID=197609] Mot-clé sensible détecté : 'key' dans : SECRET_KEY=my_secret_key
[2026-05-12 18:04:33] [INFO] [DEFENSIVE] [UID=197609] Analyse des lignes de commande des processus root...
[2026-05-12 18:04:38] [INFO] [DEFENSIVE] [UID=197609] Analyse des variables d'environnement...
[2026-05-12 18:04:43] [ALERT] [FILTER] [UID=197609] Mot-clé sensible détecté : 'pass' dans : DB_PASSWORD=supersecret123
[2026-05-12 18:04:43] [ALERT] [FILTER] [UID=197609] Mot-clé sensible détecté : 'password' dans : DB_PASSWORD=supersecret123
[2026-05-12 18:04:44] [ALERT] [FILTER] [UID=197609] Mot-clé sensible détecté : 'secret' dans : DB_PASSWORD=supersecret123
[2026-05-12 18:04:59] [ALERT] [FILTER] [UID=197609] Mot-clé sensible détecté : 'token' dans : API_TOKEN=abc123xyz
[2026-05-12 18:05:16] [ALERT] [FILTER] [UID=197609] Mot-clé sensible détecté : 'pass' dans : SSH_ASKPASS=/mingw64/bin/git-askpass.exe
[2026-05-12 18:05:25] [ALERT] [FILTER] [UID=197609] Mot-clé sensible détecté : 'secret' dans : SECRET_KEY=my_secret_key
[2026-05-12 18:05:26] [ALERT] [FILTER] [UID=197609] Mot-clé sensible détecté : 'key' dans : SECRET_KEY=my_secret_key
[2026-05-12 18:05:50] [INFO] [DEFENSIVE] [UID=197609] Analyse des lignes de commande des processus root...
[2026-05-12 18:05:55] [INFO] [DEFENSIVE] [UID=197609] Analyse des variables d'environnement...
[2026-05-12 18:05:58] [ALERT] [FILTER] [UID=197609] Mot-clé sensible détecté : 'pass' dans : DB_PASSWORD=supersecret123
[2026-05-12 18:05:58] [ALERT] [FILTER] [UID=197609] Mot-clé sensible détecté : 'password' dans : DB_PASSWORD=supersecret123
[2026-05-12 18:05:59] [ALERT] [FILTER] [UID=197609] Mot-clé sensible détecté : 'secret' dans : DB_PASSWORD=supersecret123
[2026-05-12 18:06:11] [ALERT] [FILTER] [UID=197609] Mot-clé sensible détecté : 'token' dans : API_TOKEN=abc123xyz
[2026-05-12 18:06:18] [ALERT] [FILTER] [UID=197609] Mot-clé sensible détecté : 'pass' dans : SSH_ASKPASS=/mingw64/bin/git-askpass.exe
[2026-05-12 18:06:23] [ALERT] [FILTER] [UID=197609] Mot-clé sensible détecté : 'secret' dans : SECRET_KEY=my_secret_key
[2026-05-12 18:06:23] [ALERT] [FILTER] [UID=197609] Mot-clé sensible détecté : 'key' dans : SECRET_KEY=my_secret_key
[2026-05-12 18:06:50] [INFO] [DEFENSIVE] [UID=197609] Analyse des lignes de commande des processus root...
[2026-05-12 18:06:55] [INFO] [DEFENSIVE] [UID=197609] Analyse des variables d'environnement...
[2026-05-12 18:07:00] [ALERT] [FILTER] [UID=197609] Mot-clé sensible détecté : 'pass' dans : DB_PASSWORD=supersecret123
[2026-05-12 18:07:00] [ALERT] [FILTER] [UID=197609] Mot-clé sensible détecté : 'password' dans : DB_PASSWORD=supersecret123
[2026-05-12 18:07:01] [ALERT] [FILTER] [UID=197609] Mot-clé sensible détecté : 'secret' dans : DB_PASSWORD=supersecret123
[2026-05-12 18:07:18] [ALERT] [FILTER] [UID=197609] Mot-clé sensible détecté : 'token' dans : API_TOKEN=abc123xyz
[2026-05-12 18:07:24] [ALERT] [FILTER] [UID=197609] Mot-clé sensible détecté : 'pass' dans : SSH_ASKPASS=/mingw64/bin/git-askpass.exe
[2026-05-12 18:07:29] [ALERT] [FILTER] [UID=197609] Mot-clé sensible détecté : 'secret' dans : SECRET_KEY=my_secret_key
[2026-05-12 18:07:30] [ALERT] [FILTER] [UID=197609] Mot-clé sensible détecté : 'key' dans : SECRET_KEY=my_secret_key
[2026-05-12 18:07:59] [INFO] [DEFENSIVE] [UID=197609] Analyse des lignes de commande des processus root...
[2026-05-12 18:08:03] [INFO] [DEFENSIVE] [UID=197609] Analyse des variables d'environnement...
[2026-05-12 18:08:07] [ALERT] [FILTER] [UID=197609] Mot-clé sensible détecté : 'pass' dans : DB_PASSWORD=supersecret123
[2026-05-12 18:08:08] [ALERT] [FILTER] [UID=197609] Mot-clé sensible détecté : 'password' dans : DB_PASSWORD=supersecret123
[2026-05-12 18:08:09] [ALERT] [FILTER] [UID=197609] Mot-clé sensible détecté : 'secret' dans : DB_PASSWORD=supersecret123
[2026-05-12 18:08:25] [ALERT] [FILTER] [UID=197609] Mot-clé sensible détecté : 'token' dans : API_TOKEN=abc123xyz
[2026-05-12 18:08:32] [ALERT] [FILTER] [UID=197609] Mot-clé sensible détecté : 'pass' dans : SSH_ASKPASS=/mingw64/bin/git-askpass.exe
[2026-05-12 18:08:38] [ALERT] [FILTER] [UID=197609] Mot-clé sensible détecté : 'secret' dans : SECRET_KEY=my_secret_key
[2026-05-12 18:08:39] [ALERT] [FILTER] [UID=197609] Mot-clé sensible détecté : 'key' dans : SECRET_KEY=my_secret_key
[2026-05-12 18:09:11] [INFO] [DEFENSIVE] [UID=197609] Analyse des lignes de commande des processus root...
[2026-05-12 18:09:15] [INFO] [DEFENSIVE] [UID=197609] Analyse des variables d'environnement...
[2026-05-12 18:09:19] [ALERT] [FILTER] [UID=197609] Mot-clé sensible détecté : 'pass' dans : DB_PASSWORD=supersecret123
[2026-05-12 18:09:20] [ALERT] [FILTER] [UID=197609] Mot-clé sensible détecté : 'password' dans : DB_PASSWORD=supersecret123
[2026-05-12 18:09:20] [ALERT] [FILTER] [UID=197609] Mot-clé sensible détecté : 'secret' dans : DB_PASSWORD=supersecret123
